// Jest Snapshot v1, https://goo.gl/fbAQLP

exports[`Should create a calculator snapshot 1`] = `
<DocumentFragment>
  <div
    class="calculator w3-animate-zoom"
  >
    <div
      class="left"
    >
      <h1>
        Let's do some math!
      </h1>
    </div>
    <div
      class="right"
    >
      <div
        class="resultsPanel"
      >
        <span
          class="result"
        >
          0
        </span>
      </div>
      <div
        class="buttons"
      >
        <button
          class="btn1"
          type="button"
        >
          AC
        </button>
        <button
          class="btn2"
          type="button"
        >
          +/-
        </button>
        <button
          class="btn3"
          type="button"
        >
          %
        </button>
        <button
          class="btn4 x"
          type="button"
        >
          รท
        </button>
        <button
          class="btn5"
          type="button"
        >
          7
        </button>
        <button
          class="btn6"
          type="button"
        >
          8
        </button>
        <button
          class="btn7"
          type="button"
        >
          9
        </button>
        <button
          class="btn8 x"
          type="button"
        >
          x
        </button>
        <button
          class="btn9"
          type="button"
        >
          4
        </button>
        <button
          class="btn0"
          type="button"
        >
          5
        </button>
        <button
          class="btn11"
          type="button"
        >
          6
        </button>
        <button
          class="btn12 x"
          type="button"
        >
          -
        </button>
        <button
          class="btn13"
          type="button"
        >
          1
        </button>
        <button
          class="btn14"
          type="button"
        >
          2
        </button>
        <button
          class="btn15"
          type="button"
        >
          3
        </button>
        <button
          class="btn16 x"
          type="button"
        >
          +
        </button>
        <button
          class="btn17 double"
          type="button"
        >
          0
        </button>
        <button
          class="btn18"
          type="button"
        >
          .
        </button>
        <button
          class="btn19 x"
          type="button"
        >
          =
        </button>
      </div>
    </div>
  </div>
</DocumentFragment>
`;
