// Jest Snapshot v1, https://goo.gl/fbAQLP

exports[`Should create a Home snapshot 1`] = `
<DocumentFragment>
  <div
    class="home w3-container w3-animate-right"
  >
    <h1>
      Welcome to Nemwel's math magician page!
    </h1>
    <p>
      In publishing and graphic design, Lorem ipsum is a placeholder text commonly used to demonstrate the visual form of a document or a typeface without relying on meaningful content. Lorem ipsum may be used as a placeholder before the final copy is available
    </p>
    <p>
      In publishing and graphic design, Lorem ipsum is a placeholder text commonly used to demonstrate the visual form of a document or a typeface without relying on meaningful content. Lorem ipsum may be used as a placeholder before the final copy is available
    </p>
  </div>
</DocumentFragment>
`;
