// Jest Snapshot v1, https://goo.gl/fbAQLP

exports[`Check if the First click is the Home page 1`] = `
"Snapshot Diff:
Compared values have no visual difference."
`;

exports[`Check if the Second click is the Calculator page 1`] = `
"Snapshot Diff:
Compared values have no visual difference."
`;

exports[`Check if the third click is the Quotes page 1`] = `
"Snapshot Diff:
Compared values have no visual difference."
`;

exports[`Make sure events does not make differences in snapshot (Nav Component) | [Home] Menu Click  Event Trigger 1`] = `
"Snapshot Diff:
Compared values have no visual difference."
`;
